npm warn config optional Use `--omit=optional` to exclude optional dependencies, or
npm warn config `--include=optional` to include them.
npm warn config
npm warn config       Default value does install optional deps unless otherwise omitted.
Need to install the following packages:
vite@7.3.1
Ok to proceed? (y) Terminate batch job (Y/N)? 