node.exe : npm warn 
config optional Use 
`--omit=optional` to 
exclude optional 
dependencies, or
At line:1 char:1
+ & "C:\Program Files
\nodejs/node.exe" 
"C:\Program 
Files\nodejs/node_mo 
...
+ ~~~~~~~~~~~~~~~~~~~
~~~~~~~~~~~~~~~~~~~~~
~~~~~~~~~~~~~~~~~~~~~
~~~~~~~~
    + CategoryInfo   
           : NotSpe  
  cified: (npm war   
 n config...epend    
encies, or:Strin    
g) [], RemoteExc    
eption
    + FullyQualified 
   ErrorId : Native  
  CommandError
 
npm warn config 
`--include=optional` 
to include them.
npm warn config
npm warn config      
 Default value does 
install optional 
deps unless 
otherwise omitted.
ΓÜá∩╕Å DATABASE_URL 
not set. Running in 
demo mode.
Γ£ô Using DrizzleStorage with PostgreSQL (persistent storage enabled)
SUPER_MEMORY_API_KEY 
not set. 
Conversation memory 
will be limited to 
database storage 
only.
ΓÜá∩╕Å OpenAI API 
Key missing. Intent 
analysis will use 
basic keywords.
ΓÜá∩╕Å OpenAI API 
Key missing. 
Objection responder 
will use fallback 
logic.
ΓÜá∩╕Å OpenAI API 
Key missing. 
Conversation AI will 
use fallback 
responses.
≡ƒöì Checking configuration...
Error: Database 
connection is not 
available.
    at checkDatabase 
(C:\Users\USER\audnix
-ai-project\server\dr
izzle-storage.ts:17:1
1)
    at DrizzleStorage
.getUserByEmail (C:\U
sers\USER\audnix-ai-p
roject\server\drizzle
-storage.ts:69:5)
    at main (C:\Users
\USER\audnix-ai-proje
ct\scripts\test-outre
ach.ts:12:28)
    at <anonymous> (C
:\Users\USER\audnix-a
i-project\scripts\tes
t-outreach.ts:55:1)
    at ModuleJob.run 
(node:internal/module
s/esm/module_job:413:
25)
    at async onImport
.tracePromise.__proto
__ (node:internal/mod
ules/esm/loader:660:2
6)
    at async asyncRun
EntryPointWithESMLoad
er (node:internal/mod
ules/run_main:101:5)
