client/src/pages/dashboard/home.tsx(423,72): error TS2304: Cannot find name 'PremiumLoader'.
