server/drizzle-storage.ts(178,9): error TS2698: Spread types may only be created from object types.
server/drizzle-storage.ts(224,30): error TS2339: Property 'password' does not exist on type 'Partial<{ email: string; }> & { email: string; }'.
server/drizzle-storage.ts(225,26): error TS2339: Property 'name' does not exist on type 'Partial<{ email: string; }> & { email: string; }'.
server/drizzle-storage.ts(226,30): error TS2339: Property 'username' does not exist on type 'Partial<{ email: string; }> & { email: string; }'.
server/drizzle-storage.ts(227,28): error TS2339: Property 'avatar' does not exist on type 'Partial<{ email: string; }> & { email: string; }'.
server/drizzle-storage.ts(228,29): error TS2339: Property 'company' does not exist on type 'Partial<{ email: string; }> & { email: string; }'.
server/drizzle-storage.ts(229,30): error TS2339: Property 'timezone' does not exist on type 'Partial<{ email: string; }> & { email: string; }'.
server/drizzle-storage.ts(230,26): error TS2339: Property 'plan' does not exist on type 'Partial<{ email: string; }> & { email: string; }'.
server/drizzle-storage.ts(231,36): error TS2339: Property 'trialExpiresAt' does not exist on type 'Partial<{ email: string; }> & { email: string; }'.
server/drizzle-storage.ts(232,31): error TS2339: Property 'replyTone' does not exist on type 'Partial<{ email: string; }> & { email: string; }'.
server/drizzle-storage.ts(234,38): error TS2339: Property 'stripeCustomerId' does not exist on type 'Partial<{ email: string; }> & { email: string; }'.
server/drizzle-storage.ts(235,42): error TS2339: Property 'stripeSubscriptionId' does not exist on type 'Partial<{ email: string; }> & { email: string; }'.
server/drizzle-storage.ts(236,32): error TS2339: Property 'supabaseId' does not exist on type 'Partial<{ email: string; }> & { email: string; }'.
server/drizzle-storage.ts(238,28): error TS2339: Property 'config' does not exist on type 'Partial<{ email: string; }> & { email: string; }'.
server/drizzle-storage.ts(239,34): error TS2339: Property 'calendarLink' does not exist on type 'Partial<{ email: string; }> & { email: string; }'.
server/drizzle-storage.ts(240,42): error TS2339: Property 'brandGuidelinePdfUrl' does not exist on type 'Partial<{ email: string; }> & { email: string; }'.
server/drizzle-storage.ts(241,43): error TS2339: Property 'brandGuidelinePdfText' does not exist on type 'Partial<{ email: string; }> & { email: string; }'.
server/drizzle-storage.ts(242,40): error TS2339: Property 'filteredLeadsCount' does not exist on type 'Partial<{ email: string; }> & { email: string; }'.
server/drizzle-storage.ts(243,41): error TS2339: Property 'calendlyAccessToken' does not exist on type 'Partial<{ email: string; }> & { email: string; }'.
server/drizzle-storage.ts(244,42): error TS2339: Property 'calendlyRefreshToken' does not exist on type 'Partial<{ email: string; }> & { email: string; }'.
server/drizzle-storage.ts(245,39): error TS2339: Property 'calendlyExpiresAt' does not exist on type 'Partial<{ email: string; }> & { email: string; }'.
server/drizzle-storage.ts(246,37): error TS2339: Property 'calendlyUserUri' does not exist on type 'Partial<{ email: string; }> & { email: string; }'.
server/drizzle-storage.ts(369,40): error TS1323: Dynamic imports are only supported when the '--module' flag is set to 'es2020', 'es2022', 'esnext', 'commonjs', 'amd', 'system', 'umd', 'node16', or 'nodenext'.
server/drizzle-storage.ts(493,36): error TS2339: Property 'organizationId' does not exist on type 'Partial<{ name: string; userId: string; channel: "email" | "linkedin" | "sms" | "voice" | "whatsapp" | "instagram"; }> & { userId: string; name: string; channel: string; }'.
server/drizzle-storage.ts(494,32): error TS2339: Property 'externalId' does not exist on type 'Partial<{ name: string; userId: string; channel: "email" | "linkedin" | "sms" | "voice" | "whatsapp" | "instagram"; }> & { userId: string; name: string; channel: string; }'.
server/drizzle-storage.ts(496,29): error TS2339: Property 'company' does not exist on type 'Partial<{ name: string; userId: string; channel: "email" | "linkedin" | "sms" | "voice" | "whatsapp" | "instagram"; }> & { userId: string; name: string; channel: string; }'.
server/drizzle-storage.ts(497,26): error TS2339: Property 'role' does not exist on type 'Partial<{ name: string; userId: string; channel: "email" | "linkedin" | "sms" | "voice" | "whatsapp" | "instagram"; }> & { userId: string; name: string; channel: string; }'.
server/drizzle-storage.ts(498,25): error TS2339: Property 'bio' does not exist on type 'Partial<{ name: string; userId: string; channel: "email" | "linkedin" | "sms" | "voice" | "whatsapp" | "instagram"; }> & { userId: string; name: string; channel: string; }'.
server/drizzle-storage.ts(500,27): error TS2339: Property 'email' does not exist on type 'Partial<{ name: string; userId: string; channel: "email" | "linkedin" | "sms" | "voice" | "whatsapp" | "instagram"; }> & { userId: string; name: string; channel: string; }'.
server/drizzle-storage.ts(501,32): error TS2339: Property 'replyEmail' does not exist on type 'Partial<{ name: string; userId: string; channel: "email" | "linkedin" | "sms" | "voice" | "whatsapp" | "instagram"; }> & { userId: string; name: string; channel: string; }'.
server/drizzle-storage.ts(501,57): error TS2339: Property 'email' does not exist on type 'Partial<{ name: string; userId: string; channel: "email" | "linkedin" | "sms" | "voice" | "whatsapp" | "instagram"; }> & { userId: string; name: string; channel: string; }'.
server/drizzle-storage.ts(502,27): error TS2339: Property 'phone' does not exist on type 'Partial<{ name: string; userId: string; channel: "email" | "linkedin" | "sms" | "voice" | "whatsapp" | "instagram"; }> & { userId: string; name: string; channel: string; }'.
server/drizzle-storage.ts(503,28): error TS2339: Property 'status' does not exist on type 'Partial<{ name: string; userId: string; channel: "email" | "linkedin" | "sms" | "voice" | "whatsapp" | "instagram"; }> & { userId: string; name: string; channel: string; }'.
server/drizzle-storage.ts(504,27): error TS2339: Property 'score' does not exist on type 'Partial<{ name: string; userId: string; channel: "email" | "linkedin" | "sms" | "voice" | "whatsapp" | "instagram"; }> & { userId: string; name: string; channel: string; }'.
server/drizzle-storage.ts(505,26): error TS2339: Property 'warm' does not exist on type 'Partial<{ name: string; userId: string; channel: "email" | "linkedin" | "sms" | "voice" | "whatsapp" | "instagram"; }> & { userId: string; name: string; channel: string; }'.
server/drizzle-storage.ts(506,35): error TS2339: Property 'lastMessageAt' does not exist on type 'Partial<{ name: string; userId: string; channel: "email" | "linkedin" | "sms" | "voice" | "whatsapp" | "instagram"; }> & { userId: string; name: string; channel: string; }'.
server/drizzle-storage.ts(507,30): error TS2339: Property 'aiPaused' does not exist on type 'Partial<{ name: string; userId: string; channel: "email" | "linkedin" | "sms" | "voice" | "whatsapp" | "instagram"; }> & { userId: string; name: string; channel: string; }'.
server/drizzle-storage.ts(508,30): error TS2339: Property 'verified' does not exist on type 'Partial<{ name: string; userId: string; channel: "email" | "linkedin" | "sms" | "voice" | "whatsapp" | "instagram"; }> & { userId: string; name: string; channel: string; }'.
server/drizzle-storage.ts(509,32): error TS2339: Property 'verifiedAt' does not exist on type 'Partial<{ name: string; userId: string; channel: "email" | "linkedin" | "sms" | "voice" | "whatsapp" | "instagram"; }> & { userId: string; name: string; channel: string; }'.
server/drizzle-storage.ts(510,35): error TS2339: Property 'pdfConfidence' does not exist on type 'Partial<{ name: string; userId: string; channel: "email" | "linkedin" | "sms" | "voice" | "whatsapp" | "instagram"; }> & { userId: string; name: string; channel: string; }'.
server/drizzle-storage.ts(511,26): error TS2339: Property 'tags' does not exist on type 'Partial<{ name: string; userId: string; channel: "email" | "linkedin" | "sms" | "voice" | "whatsapp" | "instagram"; }> & { userId: string; name: string; channel: string; }'.
server/drizzle-storage.ts(512,30): error TS2339: Property 'metadata' does not exist on type 'Partial<{ name: string; userId: string; channel: "email" | "linkedin" | "sms" | "voice" | "whatsapp" | "instagram"; }> & { userId: string; name: string; channel: string; }'.
server/drizzle-storage.ts(513,35): error TS2339: Property 'integrationId' does not exist on type 'Partial<{ name: string; userId: string; channel: "email" | "linkedin" | "sms" | "voice" | "whatsapp" | "instagram"; }> & { userId: string; name: string; channel: string; }'.
server/drizzle-storage.ts(513,64): error TS2339: Property 'metadata' does not exist on type 'Partial<{ name: string; userId: string; channel: "email" | "linkedin" | "sms" | "voice" | "whatsapp" | "instagram"; }> & { userId: string; name: string; channel: string; }'.
server/drizzle-storage.ts(527,11): error TS2353: Object literal may only specify known properties, and 'actionUrl' does not exist in type '{ userId: string; message: string; type: "system" | "webhook_error" | "billing_issue" | "conversion" | "lead_reply" | "insight" | "lead_import" | "campaign_sent" | "new_lead" | "lead_status_change" | ... 6 more ... | "lead_redistribution"; title: string; }'.
server/drizzle-storage.ts(560,11): error TS2353: Object literal may only specify known properties, and 'actionUrl' does not exist in type '{ userId: string; message: string; type: "system" | "webhook_error" | "billing_issue" | "conversion" | "lead_reply" | "insight" | "lead_import" | "campaign_sent" | "new_lead" | "lead_status_change" | ... 6 more ... | "lead_redistribution"; title: string; }'.
server/drizzle-storage.ts(706,29): error TS2339: Property 'trackingId' does not exist on type 'Partial<{ userId: string; provider: "email" | "instagram" | "gmail" | "system"; leadId: string; direction: "inbound" | "outbound"; body: string; }> & { leadId: string; userId: string; direction: "inbound" | "outbound"; body: string; threadId?: string; }'.
server/drizzle-storage.ts(707,27): error TS2339: Property 'openedAt' does not exist on type 'Partial<{ userId: string; provider: "email" | "instagram" | "gmail" | "system"; leadId: string; direction: "inbound" | "outbound"; body: string; }> & { leadId: string; userId: string; direction: "inbound" | "outbound"; body: string; threadId?: string; }'.
server/drizzle-storage.ts(708,28): error TS2339: Property 'clickedAt' does not exist on type 'Partial<{ userId: string; provider: "email" | "instagram" | "gmail" | "system"; leadId: string; direction: "inbound" | "outbound"; body: string; }> & { leadId: string; userId: string; direction: "inbound" | "outbound"; body: string; threadId?: string; }'.
server/drizzle-storage.ts(709,28): error TS2339: Property 'repliedAt' does not exist on type 'Partial<{ userId: string; provider: "email" | "instagram" | "gmail" | "system"; leadId: string; direction: "inbound" | "outbound"; body: string; }> & { leadId: string; userId: string; direction: "inbound" | "outbound"; body: string; threadId?: string; }'.
server/drizzle-storage.ts(710,25): error TS2339: Property 'isRead' does not exist on type 'Partial<{ userId: string; provider: "email" | "instagram" | "gmail" | "system"; leadId: string; direction: "inbound" | "outbound"; body: string; }> & { leadId: string; userId: string; direction: "inbound" | "outbound"; body: string; threadId?: string; }'.
server/drizzle-storage.ts(712,27): error TS2339: Property 'metadata' does not exist on type 'Partial<{ userId: string; provider: "email" | "instagram" | "gmail" | "system"; leadId: string; direction: "inbound" | "outbound"; body: string; }> & { leadId: string; userId: string; direction: "inbound" | "outbound"; body: string; threadId?: string; }'.
server/drizzle-storage.ts(713,32): error TS2339: Property 'integrationId' does not exist on type 'Partial<{ userId: string; provider: "email" | "instagram" | "gmail" | "system"; leadId: string; direction: "inbound" | "outbound"; body: string; }> & { leadId: string; userId: string; direction: "inbound" | "outbound"; body: string; threadId?: string; }'.
server/drizzle-storage.ts(713,58): error TS2339: Property 'metadata' does not exist on type 'Partial<{ userId: string; provider: "email" | "instagram" | "gmail" | "system"; leadId: string; direction: "inbound" | "outbound"; body: string; }> & { leadId: string; userId: string; direction: "inbound" | "outbound"; body: string; threadId?: string; }'.
server/drizzle-storage.ts(734,41): error TS1323: Dynamic imports are only supported when the '--module' flag is set to 'es2020', 'es2022', 'esnext', 'commonjs', 'amd', 'system', 'umd', 'node16', or 'nodenext'.
server/drizzle-storage.ts(751,52): error TS1323: Dynamic imports are only supported when the '--module' flag is set to 'es2020', 'es2022', 'esnext', 'commonjs', 'amd', 'system', 'umd', 'node16', or 'nodenext'.
server/drizzle-storage.ts(930,32): error TS2339: Property 'connected' does not exist on type 'Partial<{ userId: string; provider: "instagram" | "gmail" | "outlook" | "manychat" | "custom_email" | "google_calendar" | "calendly"; encryptedMeta: string; }> & { userId: string; provider: string; encryptedMeta: string; }'.
server/drizzle-storage.ts(931,34): error TS2339: Property 'accountType' does not exist on type 'Partial<{ userId: string; provider: "instagram" | "gmail" | "outlook" | "manychat" | "custom_email" | "google_calendar" | "calendly"; encryptedMeta: string; }> & { userId: string; provider: string; encryptedMeta: string; }'.
server/drizzle-storage.ts(932,31): error TS2339: Property 'lastSync' does not exist on type 'Partial<{ userId: string; provider: "instagram" | "gmail" | "outlook" | "manychat" | "custom_email" | "google_calendar" | "calendly"; encryptedMeta: string; }> & { userId: string; provider: string; encryptedMeta: string; }'.
server/drizzle-storage.ts(1288,7): error TS2353: Object literal may only specify known properties, and 'actionUrl' does not exist in type '{ userId: string; message: string; type: "system" | "webhook_error" | "billing_issue" | "conversion" | "lead_reply" | "insight" | "lead_import" | "campaign_sent" | "new_lead" | "lead_status_change" | ... 6 more ... | "lead_redistribution"; title: string; }'.
server/drizzle-storage.ts(2156,27): error TS2339: Property 'integrationId' does not exist on type '{ userId: string; message: string; type: "system" | "webhook_error" | "billing_issue" | "conversion" | "lead_reply" | "insight" | "lead_import" | "campaign_sent" | "new_lead" | "lead_status_change" | ... 6 more ... | "lead_redistribution"; title: string; }'.
server/drizzle-storage.ts(2156,50): error TS2339: Property 'metadata' does not exist on type '{ userId: string; message: string; type: "system" | "webhook_error" | "billing_issue" | "conversion" | "lead_reply" | "insight" | "lead_import" | "campaign_sent" | "new_lead" | "lead_status_change" | ... 6 more ... | "lead_redistribution"; title: string; }'.
server/lib/ai/competitor-detection.ts(224,7): error TS2353: Object literal may only specify known properties, and 'metadata' does not exist in type '{ userId: string; message: string; type: "system" | "webhook_error" | "billing_issue" | "conversion" | "lead_reply" | "insight" | "lead_import" | "campaign_sent" | "new_lead" | "lead_status_change" | ... 6 more ... | "lead_redistribution"; title: string; }'.
server/lib/ai/email-automation.ts(30,13): error TS2353: Object literal may only specify known properties, and 'status' does not exist in type '{ userId: string; channel: "email" | "instagram"; leadId: string; scheduledAt: Date; }'.
server/lib/ai/inbound-message-analyzer.ts(180,7): error TS2353: Object literal may only specify known properties, and 'intent' does not exist in type '{ userId: string; leadId: string; }'.
server/lib/ai/inbound-message-analyzer.ts(202,7): error TS2353: Object literal may only specify known properties, and 'integrationId' does not exist in type '{ userId: string; leadId: string; action: string; }'.
server/lib/channels/email.ts(162,28): error TS1323: Dynamic imports are only supported when the '--module' flag is set to 'es2020', 'es2022', 'esnext', 'commonjs', 'amd', 'system', 'umd', 'node16', or 'nodenext'.
server/lib/channels/email.ts(163,37): error TS1323: Dynamic imports are only supported when the '--module' flag is set to 'es2020', 'es2022', 'esnext', 'commonjs', 'amd', 'system', 'umd', 'node16', or 'nodenext'.
server/lib/channels/email.ts(181,25): error TS1343: The 'import.meta' meta-property is only allowed when the '--module' option is 'es2020', 'es2022', 'esnext', 'system', 'node16', or 'nodenext'.
server/lib/channels/email.ts(181,50): error TS1323: Dynamic imports are only supported when the '--module' flag is set to 'es2020', 'es2022', 'esnext', 'commonjs', 'amd', 'system', 'umd', 'node16', or 'nodenext'.
server/lib/channels/email.ts(250,23): error TS1323: Dynamic imports are only supported when the '--module' flag is set to 'es2020', 'es2022', 'esnext', 'commonjs', 'amd', 'system', 'umd', 'node16', or 'nodenext'.
server/lib/channels/email.ts(251,34): error TS1323: Dynamic imports are only supported when the '--module' flag is set to 'es2020', 'es2022', 'esnext', 'commonjs', 'amd', 'system', 'umd', 'node16', or 'nodenext'.
server/lib/channels/email.ts(531,26): error TS1323: Dynamic imports are only supported when the '--module' flag is set to 'es2020', 'es2022', 'esnext', 'commonjs', 'amd', 'system', 'umd', 'node16', or 'nodenext'.
server/lib/channels/email.ts(532,32): error TS1323: Dynamic imports are only supported when the '--module' flag is set to 'es2020', 'es2022', 'esnext', 'commonjs', 'amd', 'system', 'umd', 'node16', or 'nodenext'.
server/lib/channels/email.ts(533,36): error TS1323: Dynamic imports are only supported when the '--module' flag is set to 'es2020', 'es2022', 'esnext', 'commonjs', 'amd', 'system', 'umd', 'node16', or 'nodenext'.
server/lib/channels/email.ts(559,58): error TS1323: Dynamic imports are only supported when the '--module' flag is set to 'es2020', 'es2022', 'esnext', 'commonjs', 'amd', 'system', 'umd', 'node16', or 'nodenext'.
server/lib/channels/email.ts(566,31): error TS1323: Dynamic imports are only supported when the '--module' flag is set to 'es2020', 'es2022', 'esnext', 'commonjs', 'amd', 'system', 'umd', 'node16', or 'nodenext'.
server/lib/channels/email.ts(581,67): error TS1323: Dynamic imports are only supported when the '--module' flag is set to 'es2020', 'es2022', 'esnext', 'commonjs', 'amd', 'system', 'umd', 'node16', or 'nodenext'.
server/lib/channels/email.ts(619,42): error TS1323: Dynamic imports are only supported when the '--module' flag is set to 'es2020', 'es2022', 'esnext', 'commonjs', 'amd', 'system', 'umd', 'node16', or 'nodenext'.
server/lib/channels/email.ts(651,65): error TS1323: Dynamic imports are only supported when the '--module' flag is set to 'es2020', 'es2022', 'esnext', 'commonjs', 'amd', 'system', 'umd', 'node16', or 'nodenext'.
server/lib/channels/email.ts(667,32): error TS1323: Dynamic imports are only supported when the '--module' flag is set to 'es2020', 'es2022', 'esnext', 'commonjs', 'amd', 'system', 'umd', 'node16', or 'nodenext'.
server/lib/channels/email.ts(668,34): error TS1323: Dynamic imports are only supported when the '--module' flag is set to 'es2020', 'es2022', 'esnext', 'commonjs', 'amd', 'system', 'umd', 'node16', or 'nodenext'.
server/lib/channels/email.ts(911,32): error TS1323: Dynamic imports are only supported when the '--module' flag is set to 'es2020', 'es2022', 'esnext', 'commonjs', 'amd', 'system', 'umd', 'node16', or 'nodenext'.
server/lib/channels/email.ts(912,34): error TS1323: Dynamic imports are only supported when the '--module' flag is set to 'es2020', 'es2022', 'esnext', 'commonjs', 'amd', 'system', 'umd', 'node16', or 'nodenext'.
server/lib/channels/email.ts(996,39): error TS1323: Dynamic imports are only supported when the '--module' flag is set to 'es2020', 'es2022', 'esnext', 'commonjs', 'amd', 'system', 'umd', 'node16', or 'nodenext'.
server/lib/email/bounce-handler.ts(80,52): error TS1323: Dynamic imports are only supported when the '--module' flag is set to 'es2020', 'es2022', 'esnext', 'commonjs', 'amd', 'system', 'umd', 'node16', or 'nodenext'.
server/lib/email/bounce-handler.ts(87,58): error TS1323: Dynamic imports are only supported when the '--module' flag is set to 'es2020', 'es2022', 'esnext', 'commonjs', 'amd', 'system', 'umd', 'node16', or 'nodenext'.
server/lib/email/bounce-handler.ts(97,36): error TS1323: Dynamic imports are only supported when the '--module' flag is set to 'es2020', 'es2022', 'esnext', 'commonjs', 'amd', 'system', 'umd', 'node16', or 'nodenext'.
server/lib/email/bounce-handler.ts(152,9): error TS2353: Object literal may only specify known properties, and 'integrationId' does not exist in type '{ userId: string; leadId: string; action: string; }'.
server/lib/email/bounce-handler.ts(167,9): error TS2353: Object literal may only specify known properties, and 'actionUrl' does not exist in type '{ userId: string; message: string; type: "system" | "webhook_error" | "billing_issue" | "conversion" | "lead_reply" | "insight" | "lead_import" | "campaign_sent" | "new_lead" | "lead_status_change" | ... 6 more ... | "lead_redistribution"; title: string; }'.
server/lib/email/email-sync-worker.ts(136,34): error TS1323: Dynamic imports are only supported when the '--module' flag is set to 'es2020', 'es2022', 'esnext', 'commonjs', 'amd', 'system', 'umd', 'node16', or 'nodenext'.
server/lib/email/email-tracking.ts(147,32): error TS1323: Dynamic imports are only supported when the '--module' flag is set to 'es2020', 'es2022', 'esnext', 'commonjs', 'amd', 'system', 'umd', 'node16', or 'nodenext'.
server/lib/email/imap-idle-manager.ts(43,42): error TS1323: Dynamic imports are only supported when the '--module' flag is set to 'es2020', 'es2022', 'esnext', 'commonjs', 'amd', 'system', 'umd', 'node16', or 'nodenext'.
server/lib/email/imap-idle-manager.ts(503,54): error TS1323: Dynamic imports are only supported when the '--module' flag is set to 'es2020', 'es2022', 'esnext', 'commonjs', 'amd', 'system', 'umd', 'node16', or 'nodenext'.
server/lib/email/imap-idle-manager.ts(509,80): error TS1323: Dynamic imports are only supported when the '--module' flag is set to 'es2020', 'es2022', 'esnext', 'commonjs', 'amd', 'system', 'umd', 'node16', or 'nodenext'.
server/lib/email/imap-idle-manager.ts(518,79): error TS1323: Dynamic imports are only supported when the '--module' flag is set to 'es2020', 'es2022', 'esnext', 'commonjs', 'amd', 'system', 'umd', 'node16', or 'nodenext'.
server/lib/email/imap-idle-manager.ts(519,69): error TS1323: Dynamic imports are only supported when the '--module' flag is set to 'es2020', 'es2022', 'esnext', 'commonjs', 'amd', 'system', 'umd', 'node16', or 'nodenext'.
server/lib/email/imap-idle-manager.ts(520,57): error TS1323: Dynamic imports are only supported when the '--module' flag is set to 'es2020', 'es2022', 'esnext', 'commonjs', 'amd', 'system', 'umd', 'node16', or 'nodenext'.
server/lib/email/imap-idle-manager.ts(521,54): error TS1323: Dynamic imports are only supported when the '--module' flag is set to 'es2020', 'es2022', 'esnext', 'commonjs', 'amd', 'system', 'umd', 'node16', or 'nodenext'.
server/lib/email/imap-idle-manager.ts(522,54): error TS1323: Dynamic imports are only supported when the '--module' flag is set to 'es2020', 'es2022', 'esnext', 'commonjs', 'amd', 'system', 'umd', 'node16', or 'nodenext'.
server/lib/email/imap-idle-manager.ts(598,34): error TS1323: Dynamic imports are only supported when the '--module' flag is set to 'es2020', 'es2022', 'esnext', 'commonjs', 'amd', 'system', 'umd', 'node16', or 'nodenext'.
server/lib/email/imap-idle-manager.ts(599,40): error TS1323: Dynamic imports are only supported when the '--module' flag is set to 'es2020', 'es2022', 'esnext', 'commonjs', 'amd', 'system', 'umd', 'node16', or 'nodenext'.
server/lib/email/imap-idle-manager.ts(600,54): error TS1323: Dynamic imports are only supported when the '--module' flag is set to 'es2020', 'es2022', 'esnext', 'commonjs', 'amd', 'system', 'umd', 'node16', or 'nodenext'.
server/lib/email/mailbox-health-service.ts(226,30): error TS1323: Dynamic imports are only supported when the '--module' flag is set to 'es2020', 'es2022', 'esnext', 'commonjs', 'amd', 'system', 'umd', 'node16', or 'nodenext'.
server/lib/email/mailbox-health-service.ts(303,9): error TS2353: Object literal may only specify known properties, and 'metadata' does not exist in type '{ userId: string; message: string; type: "system" | "webhook_error" | "billing_issue" | "conversion" | "lead_reply" | "insight" | "lead_import" | "campaign_sent" | "new_lead" | "lead_status_change" | ... 6 more ... | "lead_redistribution"; title: string; }'.
server/lib/email/mailbox-health-service.ts(356,11): error TS2353: Object literal may only specify known properties, and 'metadata' does not exist in type '{ userId: string; message: string; type: "system" | "webhook_error" | "billing_issue" | "conversion" | "lead_reply" | "insight" | "lead_import" | "campaign_sent" | "new_lead" | "lead_status_change" | ... 6 more ... | "lead_redistribution"; title: string; }'.
server/lib/email/mailbox-health-service.ts(389,9): error TS2353: Object literal may only specify known properties, and 'metadata' does not exist in type '{ userId: string; message: string; type: "system" | "webhook_error" | "billing_issue" | "conversion" | "lead_reply" | "insight" | "lead_import" | "campaign_sent" | "new_lead" | "lead_status_change" | ... 6 more ... | "lead_redistribution"; title: string; }'.
server/lib/email/mailbox-health-service.ts(461,15): error TS2353: Object literal may only specify known properties, and 'metadata' does not exist in type '{ userId: string; message: string; type: "system" | "webhook_error" | "billing_issue" | "conversion" | "lead_reply" | "insight" | "lead_import" | "campaign_sent" | "new_lead" | "lead_status_change" | ... 6 more ... | "lead_redistribution"; title: string; }'.
server/lib/email/mailbox-health-service.ts(515,54): error TS1323: Dynamic imports are only supported when the '--module' flag is set to 'es2020', 'es2022', 'esnext', 'commonjs', 'amd', 'system', 'umd', 'node16', or 'nodenext'.
server/lib/email/mailbox-health-service.ts(538,15): error TS2353: Object literal may only specify known properties, and 'metadata' does not exist in type '{ userId: string; message: string; type: "system" | "webhook_error" | "billing_issue" | "conversion" | "lead_reply" | "insight" | "lead_import" | "campaign_sent" | "new_lead" | "lead_status_change" | ... 6 more ... | "lead_redistribution"; title: string; }'.
server/lib/email/mailbox-health-service.ts(646,9): error TS2353: Object literal may only specify known properties, and 'metadata' does not exist in type '{ userId: string; message: string; type: "system" | "webhook_error" | "billing_issue" | "conversion" | "lead_reply" | "insight" | "lead_import" | "campaign_sent" | "new_lead" | "lead_status_change" | ... 6 more ... | "lead_redistribution"; title: string; }'.
server/lib/email/mailbox-health-service.ts(760,11): error TS2353: Object literal may only specify known properties, and 'metadata' does not exist in type '{ userId: string; message: string; type: "system" | "webhook_error" | "billing_issue" | "conversion" | "lead_reply" | "insight" | "lead_import" | "campaign_sent" | "new_lead" | "lead_status_change" | ... 6 more ... | "lead_redistribution"; title: string; }'.
server/lib/email/mailbox-health-service.ts(777,23): error TS1323: Dynamic imports are only supported when the '--module' flag is set to 'es2020', 'es2022', 'esnext', 'commonjs', 'amd', 'system', 'umd', 'node16', or 'nodenext'.
server/lib/imports/paged-email-importer.ts(113,9): error TS2353: Object literal may only specify known properties, and 'email' does not exist in type 'Partial<{ name: string; userId: string; channel: "email" | "linkedin" | "sms" | "voice" | "whatsapp" | "instagram"; }> & { userId: string; name: string; channel: string; }'.
server/lib/imports/paged-email-importer.ts(149,36): error TS1323: Dynamic imports are only supported when the '--module' flag is set to 'es2020', 'es2022', 'esnext', 'commonjs', 'amd', 'system', 'umd', 'node16', or 'nodenext'.
server/lib/imports/paged-email-importer.ts(175,7): error TS2353: Object literal may only specify known properties, and 'isRead' does not exist in type 'Partial<{ userId: string; provider: "email" | "instagram" | "gmail" | "system"; leadId: string; direction: "inbound" | "outbound"; body: string; }> & { leadId: string; userId: string; direction: "inbound" | "outbound"; body: string; threadId?: string; }'.
server/lib/imports/paged-email-importer.ts(220,43): error TS1323: Dynamic imports are only supported when the '--module' flag is set to 'es2020', 'es2022', 'esnext', 'commonjs', 'amd', 'system', 'umd', 'node16', or 'nodenext'.
server/lib/imports/paged-email-importer.ts(238,32): error TS1323: Dynamic imports are only supported when the '--module' flag is set to 'es2020', 'es2022', 'esnext', 'commonjs', 'amd', 'system', 'umd', 'node16', or 'nodenext'.
server/lib/imports/paged-email-importer.ts(261,13): error TS2353: Object literal may only specify known properties, and 'metadata' does not exist in type '{ userId: string; message: string; type: "system" | "webhook_error" | "billing_issue" | "conversion" | "lead_reply" | "insight" | "lead_import" | "campaign_sent" | "new_lead" | "lead_status_change" | ... 6 more ... | "lead_redistribution"; title: string; }'.
server/lib/imports/paged-email-importer.ts(311,62): error TS1323: Dynamic imports are only supported when the '--module' flag is set to 'es2020', 'es2022', 'esnext', 'commonjs', 'amd', 'system', 'umd', 'node16', or 'nodenext'.
server/lib/imports/paged-email-importer.ts(312,32): error TS1323: Dynamic imports are only supported when the '--module' flag is set to 'es2020', 'es2022', 'esnext', 'commonjs', 'amd', 'system', 'umd', 'node16', or 'nodenext'.
server/lib/imports/paged-email-importer.ts(313,46): error TS1323: Dynamic imports are only supported when the '--module' flag is set to 'es2020', 'es2022', 'esnext', 'commonjs', 'amd', 'system', 'umd', 'node16', or 'nodenext'.
server/lib/imports/paged-email-importer.ts(319,15): error TS2322: Type 'unknown[]' is not assignable to type 'string'.
server/lib/imports/paged-email-importer.ts(378,60): error TS1323: Dynamic imports are only supported when the '--module' flag is set to 'es2020', 'es2022', 'esnext', 'commonjs', 'amd', 'system', 'umd', 'node16', or 'nodenext'.
server/lib/imports/paged-email-importer.ts(406,48): error TS1323: Dynamic imports are only supported when the '--module' flag is set to 'es2020', 'es2022', 'esnext', 'commonjs', 'amd', 'system', 'umd', 'node16', or 'nodenext'.
server/lib/imports/paged-email-importer.ts(414,40): error TS1323: Dynamic imports are only supported when the '--module' flag is set to 'es2020', 'es2022', 'esnext', 'commonjs', 'amd', 'system', 'umd', 'node16', or 'nodenext'.
server/lib/imports/paged-email-importer.ts(424,17): error TS2353: Object literal may only specify known properties, and 'integrationId' does not exist in type '{ userId: string; leadId: string; action: string; }'.
server/lib/imports/paged-email-importer.ts(439,17): error TS2353: Object literal may only specify known properties, and 'actionUrl' does not exist in type '{ userId: string; message: string; type: "system" | "webhook_error" | "billing_issue" | "conversion" | "lead_reply" | "insight" | "lead_import" | "campaign_sent" | "new_lead" | "lead_status_change" | ... 6 more ... | "lead_redistribution"; title: string; }'.
server/lib/imports/paged-email-importer.ts(504,44): error TS1323: Dynamic imports are only supported when the '--module' flag is set to 'es2020', 'es2022', 'esnext', 'commonjs', 'amd', 'system', 'umd', 'node16', or 'nodenext'.
server/lib/imports/paged-email-importer.ts(505,43): error TS1323: Dynamic imports are only supported when the '--module' flag is set to 'es2020', 'es2022', 'esnext', 'commonjs', 'amd', 'system', 'umd', 'node16', or 'nodenext'.
server/lib/imports/paged-email-importer.ts(535,49): error TS1323: Dynamic imports are only supported when the '--module' flag is set to 'es2020', 'es2022', 'esnext', 'commonjs', 'amd', 'system', 'umd', 'node16', or 'nodenext'.
server/lib/oauth/gmail.ts(153,7): error TS2353: Object literal may only specify known properties, and 'accessToken' does not exist in type '{ userId: string; provider: "linkedin" | "instagram" | "outlook" | "google" | "facebook" | "github"; providerAccountId: string; }'.
server/lib/oauth/gmail.ts(205,11): error TS2353: Object literal may only specify known properties, and 'accessToken' does not exist in type '{ userId: string; provider: "linkedin" | "instagram" | "outlook" | "google" | "facebook" | "github"; providerAccountId: string; }'.
server/lib/oauth/outlook.ts(238,7): error TS2353: Object literal may only specify known properties, and 'accessToken' does not exist in type '{ userId: string; provider: "linkedin" | "instagram" | "outlook" | "google" | "facebook" | "github"; providerAccountId: string; }'.
server/lib/oauth/outlook.ts(301,11): error TS2353: Object literal may only specify known properties, and 'accessToken' does not exist in type '{ userId: string; provider: "linkedin" | "instagram" | "outlook" | "google" | "facebook" | "github"; providerAccountId: string; }'.
server/lib/queues/campaign-queue.ts(663,5): error TS2353: Object literal may only specify known properties, and 'subject' does not exist in type 'Partial<{ userId: string; provider: "email" | "instagram" | "gmail" | "system"; leadId: string; direction: "inbound" | "outbound"; body: string; }> & { leadId: string; userId: string; direction: "inbound" | "outbound"; body: string; threadId?: string; }'.
server/lib/queues/campaign-queue.ts(826,5): error TS2353: Object literal may only specify known properties, and 'subject' does not exist in type 'Partial<{ userId: string; provider: "email" | "instagram" | "gmail" | "system"; leadId: string; direction: "inbound" | "outbound"; body: string; }> & { leadId: string; userId: string; direction: "inbound" | "outbound"; body: string; threadId?: string; }'.
server/lib/queues/email-sync-queue.ts(30,39): error TS1323: Dynamic imports are only supported when the '--module' flag is set to 'es2020', 'es2022', 'esnext', 'commonjs', 'amd', 'system', 'umd', 'node16', or 'nodenext'.
server/storage.ts(250,14): error TS2420: Class 'MemStorage' incorrectly implements interface 'IStorage'.
  Type 'MemStorage' is missing the following properties from type 'IStorage': getAnalyticsSummary, getNotifications, getUnreadNotificationCount, createNotification, and 6 more.
server/storage.ts(326,28): error TS2339: Property 'password' does not exist on type 'Partial<{ email: string; }> & { email: string; }'.
server/storage.ts(327,24): error TS2339: Property 'name' does not exist on type 'Partial<{ email: string; }> & { email: string; }'.
server/storage.ts(328,28): error TS2339: Property 'username' does not exist on type 'Partial<{ email: string; }> & { email: string; }'.
server/storage.ts(329,26): error TS2339: Property 'avatar' does not exist on type 'Partial<{ email: string; }> & { email: string; }'.
server/storage.ts(330,27): error TS2339: Property 'company' does not exist on type 'Partial<{ email: string; }> & { email: string; }'.
server/storage.ts(331,28): error TS2339: Property 'timezone' does not exist on type 'Partial<{ email: string; }> & { email: string; }'.
server/storage.ts(332,24): error TS2339: Property 'plan' does not exist on type 'Partial<{ email: string; }> & { email: string; }'.
server/storage.ts(333,36): error TS2339: Property 'subscriptionTier' does not exist on type 'Partial<{ email: string; }> & { email: string; }'.
server/storage.ts(335,29): error TS2339: Property 'replyTone' does not exist on type 'Partial<{ email: string; }> & { email: string; }'.
server/storage.ts(336,24): error TS2339: Property 'role' does not exist on type 'Partial<{ email: string; }> & { email: string; }'.
server/storage.ts(339,30): error TS2339: Property 'supabaseId' does not exist on type 'Partial<{ email: string; }> & { email: string; }'.
server/storage.ts(341,26): error TS2339: Property 'config' does not exist on type 'Partial<{ email: string; }> & { email: string; }'.
server/storage.ts(393,104): error TS2339: Property 'slug' does not exist on type '{ name: string; ownerId: string; }'.
server/storage.ts(393,174): error TS2339: Property 'plan' does not exist on type '{ name: string; ownerId: string; }'.
server/storage.ts(407,60): error TS2367: This comparison appears to be unintentional because the types 'unknown[]' and 'string' have no overlap.
server/storage.ts(407,90): error TS2367: This comparison appears to be unintentional because the types 'unknown[]' and 'string' have no overlap.
server/storage.ts(411,20): error TS2367: This comparison appears to be unintentional because the types 'unknown[]' and 'string' have no overlap.
server/storage.ts(412,47): error TS2345: Argument of type 'unknown[]' is not assignable to parameter of type 'string'.
server/storage.ts(416,20): error TS2367: This comparison appears to be unintentional because the types 'unknown[]' and 'string' have no overlap.
server/storage.ts(417,46): error TS2345: Argument of type 'unknown[]' is not assignable to parameter of type 'string'.
server/storage.ts(421,48): error TS2322: Type '`${string}-${string}-${string}-${string}-${string}`' is not assignable to type 'unknown[]'.
server/storage.ts(421,52): error TS2740: Type 'Date' is missing the following properties from type 'unknown[]': length, pop, push, concat, and 35 more.
server/storage.ts(421,111): error TS2339: Property 'invitedBy' does not exist on type '{}'.
server/storage.ts(421,143): error TS2339: Property 'role' does not exist on type '{}'.
server/storage.ts(426,68): error TS2367: This comparison appears to be unintentional because the types 'unknown[]' and 'string' have no overlap.
server/storage.ts(426,98): error TS2367: This comparison appears to be unintentional because the types 'unknown[]' and 'string' have no overlap.
server/storage.ts(427,41): error TS2345: Argument of type 'unknown[]' is not assignable to parameter of type 'string'.
server/storage.ts(471,28): error TS2339: Property 'organizationId' does not exist on type 'Partial<{ name: string; userId: string; channel: "email" | "linkedin" | "sms" | "voice" | "whatsapp" | "instagram"; }> & { userId: string; name: string; channel: string; }'.
server/storage.ts(472,24): error TS2339: Property 'externalId' does not exist on type 'Partial<{ name: string; userId: string; channel: "email" | "linkedin" | "sms" | "voice" | "whatsapp" | "instagram"; }> & { userId: string; name: string; channel: string; }'.
server/storage.ts(474,21): error TS2339: Property 'company' does not exist on type 'Partial<{ name: string; userId: string; channel: "email" | "linkedin" | "sms" | "voice" | "whatsapp" | "instagram"; }> & { userId: string; name: string; channel: string; }'.
server/storage.ts(475,18): error TS2339: Property 'role' does not exist on type 'Partial<{ name: string; userId: string; channel: "email" | "linkedin" | "sms" | "voice" | "whatsapp" | "instagram"; }> & { userId: string; name: string; channel: string; }'.
server/storage.ts(476,17): error TS2339: Property 'bio' does not exist on type 'Partial<{ name: string; userId: string; channel: "email" | "linkedin" | "sms" | "voice" | "whatsapp" | "instagram"; }> & { userId: string; name: string; channel: string; }'.
server/storage.ts(479,19): error TS2339: Property 'email' does not exist on type 'Partial<{ name: string; userId: string; channel: "email" | "linkedin" | "sms" | "voice" | "whatsapp" | "instagram"; }> & { userId: string; name: string; channel: string; }'.
server/storage.ts(480,24): error TS2339: Property 'replyEmail' does not exist on type 'Partial<{ name: string; userId: string; channel: "email" | "linkedin" | "sms" | "voice" | "whatsapp" | "instagram"; }> & { userId: string; name: string; channel: string; }'.
server/storage.ts(480,43): error TS2339: Property 'email' does not exist on type 'Partial<{ name: string; userId: string; channel: "email" | "linkedin" | "sms" | "voice" | "whatsapp" | "instagram"; }> & { userId: string; name: string; channel: string; }'.
server/storage.ts(481,19): error TS2339: Property 'phone' does not exist on type 'Partial<{ name: string; userId: string; channel: "email" | "linkedin" | "sms" | "voice" | "whatsapp" | "instagram"; }> & { userId: string; name: string; channel: string; }'.
server/storage.ts(482,21): error TS2339: Property 'status' does not exist on type 'Partial<{ name: string; userId: string; channel: "email" | "linkedin" | "sms" | "voice" | "whatsapp" | "instagram"; }> & { userId: string; name: string; channel: string; }'.
server/storage.ts(483,19): error TS2339: Property 'score' does not exist on type 'Partial<{ name: string; userId: string; channel: "email" | "linkedin" | "sms" | "voice" | "whatsapp" | "instagram"; }> & { userId: string; name: string; channel: string; }'.
server/storage.ts(484,18): error TS2339: Property 'warm' does not exist on type 'Partial<{ name: string; userId: string; channel: "email" | "linkedin" | "sms" | "voice" | "whatsapp" | "instagram"; }> & { userId: string; name: string; channel: string; }'.
server/storage.ts(485,27): error TS2339: Property 'integrationId' does not exist on type 'Partial<{ name: string; userId: string; channel: "email" | "linkedin" | "sms" | "voice" | "whatsapp" | "instagram"; }> & { userId: string; name: string; channel: string; }'.
server/storage.ts(487,22): error TS2339: Property 'aiPaused' does not exist on type 'Partial<{ name: string; userId: string; channel: "email" | "linkedin" | "sms" | "voice" | "whatsapp" | "instagram"; }> & { userId: string; name: string; channel: string; }'.
server/storage.ts(488,22): error TS2339: Property 'verified' does not exist on type 'Partial<{ name: string; userId: string; channel: "email" | "linkedin" | "sms" | "voice" | "whatsapp" | "instagram"; }> & { userId: string; name: string; channel: string; }'.
server/storage.ts(491,22): error TS2339: Property 'archived' does not exist on type 'Partial<{ name: string; userId: string; channel: "email" | "linkedin" | "sms" | "voice" | "whatsapp" | "instagram"; }> & { userId: string; name: string; channel: string; }'.
server/storage.ts(492,18): error TS2339: Property 'tags' does not exist on type 'Partial<{ name: string; userId: string; channel: "email" | "linkedin" | "sms" | "voice" | "whatsapp" | "instagram"; }> & { userId: string; name: string; channel: string; }'.
server/storage.ts(493,22): error TS2339: Property 'metadata' does not exist on type 'Partial<{ name: string; userId: string; channel: "email" | "linkedin" | "sms" | "voice" | "whatsapp" | "instagram"; }> & { userId: string; name: string; channel: string; }'.
server/storage.ts(494,22): error TS2339: Property 'timezone' does not exist on type 'Partial<{ name: string; userId: string; channel: "email" | "linkedin" | "sms" | "voice" | "whatsapp" | "instagram"; }> & { userId: string; name: string; channel: string; }'.
server/storage.ts(544,87): error TS2339: Property 'integrationId' does not exist on type '{ userId: string; leadId: string; action: string; }'.
server/storage.ts(544,126): error TS2339: Property 'messageId' does not exist on type '{ userId: string; leadId: string; action: string; }'.
server/storage.ts(544,159): error TS2339: Property 'details' does not exist on type '{ userId: string; leadId: string; action: string; }'.
server/storage.ts(579,24): error TS2339: Property 'subject' does not exist on type 'Partial<{ userId: string; provider: "email" | "instagram" | "gmail" | "system"; leadId: string; direction: "inbound" | "outbound"; body: string; }> & { leadId: string; userId: string; direction: "inbound" | "outbound"; body: string; threadId?: string; }'.
server/storage.ts(581,25): error TS2339: Property 'audioUrl' does not exist on type 'Partial<{ userId: string; provider: "email" | "instagram" | "gmail" | "system"; leadId: string; direction: "inbound" | "outbound"; body: string; }> & { leadId: string; userId: string; direction: "inbound" | "outbound"; body: string; threadId?: string; }'.
server/storage.ts(582,27): error TS2339: Property 'trackingId' does not exist on type 'Partial<{ userId: string; provider: "email" | "instagram" | "gmail" | "system"; leadId: string; direction: "inbound" | "outbound"; body: string; }> & { leadId: string; userId: string; direction: "inbound" | "outbound"; body: string; threadId?: string; }'.
server/storage.ts(588,23): error TS2339: Property 'isRead' does not exist on type 'Partial<{ userId: string; provider: "email" | "instagram" | "gmail" | "system"; leadId: string; direction: "inbound" | "outbound"; body: string; }> & { leadId: string; userId: string; direction: "inbound" | "outbound"; body: string; threadId?: string; }'.
server/storage.ts(590,25): error TS2339: Property 'metadata' does not exist on type 'Partial<{ userId: string; provider: "email" | "instagram" | "gmail" | "system"; leadId: string; direction: "inbound" | "outbound"; body: string; }> & { leadId: string; userId: string; direction: "inbound" | "outbound"; body: string; threadId?: string; }'.
server/storage.ts(796,20): error TS2339: Property 'status' does not exist on type '{ userId: string; channel: "email" | "instagram"; leadId: string; scheduledAt: Date; }'.
server/storage.ts(798,21): error TS2339: Property 'context' does not exist on type '{ userId: string; channel: "email" | "instagram"; leadId: string; scheduledAt: Date; }'.
server/storage.ts(874,25): error TS2339: Property 'accessToken' does not exist on type '{ userId: string; provider: "linkedin" | "instagram" | "outlook" | "google" | "facebook" | "github"; providerAccountId: string; }'.
server/storage.ts(875,26): error TS2339: Property 'refreshToken' does not exist on type '{ userId: string; provider: "linkedin" | "instagram" | "outlook" | "google" | "facebook" | "github"; providerAccountId: string; }'.
server/storage.ts(876,23): error TS2339: Property 'expiresAt' does not exist on type '{ userId: string; provider: "linkedin" | "instagram" | "outlook" | "google" | "facebook" | "github"; providerAccountId: string; }'.
server/storage.ts(876,41): error TS2339: Property 'expiresAt' does not exist on type '{ userId: string; provider: "linkedin" | "instagram" | "outlook" | "google" | "facebook" | "github"; providerAccountId: string; }'.
server/storage.ts(876,74): error TS2339: Property 'expiresAt' does not exist on type '{ userId: string; provider: "linkedin" | "instagram" | "outlook" | "google" | "facebook" | "github"; providerAccountId: string; }'.
server/storage.ts(876,100): error TS2339: Property 'expiresAt' does not exist on type '{ userId: string; provider: "linkedin" | "instagram" | "outlook" | "google" | "facebook" | "github"; providerAccountId: string; }'.
server/storage.ts(877,19): error TS2339: Property 'scope' does not exist on type '{ userId: string; provider: "linkedin" | "instagram" | "outlook" | "google" | "facebook" | "github"; providerAccountId: string; }'.
server/storage.ts(878,23): error TS2339: Property 'tokenType' does not exist on type '{ userId: string; provider: "linkedin" | "instagram" | "outlook" | "google" | "facebook" | "github"; providerAccountId: string; }'.
server/storage.ts(879,21): error TS2339: Property 'idToken' does not exist on type '{ userId: string; provider: "linkedin" | "instagram" | "outlook" | "google" | "facebook" | "github"; providerAccountId: string; }'.
server/storage.ts(880,22): error TS2339: Property 'metadata' does not exist on type '{ userId: string; provider: "linkedin" | "instagram" | "outlook" | "google" | "facebook" | "github"; providerAccountId: string; }'.
server/storage.ts(903,20): error TS2339: Property 'leadId' does not exist on type '{ userId: string; externalId: string; provider: "outlook" | "google"; title: string; startTime: Date; endTime: Date; }'.
server/storage.ts(905,25): error TS2339: Property 'description' does not exist on type '{ userId: string; externalId: string; provider: "outlook" | "google"; title: string; startTime: Date; endTime: Date; }'.
server/storage.ts(908,24): error TS2339: Property 'meetingUrl' does not exist on type '{ userId: string; externalId: string; provider: "outlook" | "google"; title: string; startTime: Date; endTime: Date; }'.
server/storage.ts(911,23): error TS2339: Property 'attendees' does not exist on type '{ userId: string; externalId: string; provider: "outlook" | "google"; title: string; startTime: Date; endTime: Date; }'.
server/storage.ts(912,24): error TS2339: Property 'isAiBooked' does not exist on type '{ userId: string; externalId: string; provider: "outlook" | "google"; title: string; startTime: Date; endTime: Date; }'.
server/storage.ts(913,25): error TS2339: Property 'preCallNote' does not exist on type '{ userId: string; externalId: string; provider: "outlook" | "google"; title: string; startTime: Date; endTime: Date; }'.
shared/schema.ts(956,66): error TS2322: Type 'boolean' is not assignable to type 'never'.
shared/schema.ts(956,76): error TS2322: Type 'boolean' is not assignable to type 'never'.
shared/schema.ts(957,66): error TS2322: Type 'boolean' is not assignable to type 'never'.
shared/schema.ts(957,76): error TS2322: Type 'boolean' is not assignable to type 'never'.
shared/schema.ts(957,93): error TS2322: Type 'boolean' is not assignable to type 'never'.
shared/schema.ts(958,72): error TS2322: Type 'boolean' is not assignable to type 'never'.
shared/schema.ts(958,82): error TS2322: Type 'boolean' is not assignable to type 'never'.
shared/schema.ts(959,80): error TS2322: Type 'boolean' is not assignable to type 'never'.
shared/schema.ts(959,90): error TS2322: Type 'boolean' is not assignable to type 'never'.
shared/schema.ts(987,82): error TS2322: Type 'boolean' is not assignable to type 'never'.
shared/schema.ts(987,92): error TS2322: Type 'boolean' is not assignable to type 'never'.
shared/schema.ts(988,78): error TS2322: Type 'boolean' is not assignable to type 'never'.
shared/schema.ts(988,88): error TS2322: Type 'boolean' is not assignable to type 'never'.
