
> rest-express@1.0.0 check
> node --max-old-space-size=4096 node_modules/typescript/bin/tsc --noEmit

client/src/components/outreach/UnifiedCampaignWizard.tsx(205,14): error TS2304: Cannot find name 'mailboxConfig'.
client/src/components/outreach/UnifiedCampaignWizard.tsx(236,49): error TS2304: Cannot find name 'userId'.
client/src/pages/dashboard/integrations.tsx(1051,33): error TS2339: Property 'badge' does not exist on type '{ do: string; id: string; name: string; description: string; icon: ForwardRefExoticComponent<Omit<LucideProps, "ref"> & RefAttributes<SVGSVGElement>>; color: string; bg: string; }'.
client/src/pages/dashboard/integrations.tsx(1052,169): error TS2339: Property 'badge' does not exist on type '{ do: string; id: string; name: string; description: string; icon: ForwardRefExoticComponent<Omit<LucideProps, "ref"> & RefAttributes<SVGSVGElement>>; color: string; bg: string; }'.
client/src/pages/dashboard/integrations.tsx(1078,41): error TS2339: Property 'badge' does not exist on type '{ do: string; id: string; name: string; description: string; icon: ForwardRefExoticComponent<Omit<LucideProps, "ref"> & RefAttributes<SVGSVGElement>>; color: string; bg: string; }'.
client/src/pages/dashboard/integrations.tsx(1081,44): error TS2339: Property 'badge' does not exist on type '{ do: string; id: string; name: string; description: string; icon: ForwardRefExoticComponent<Omit<LucideProps, "ref"> & RefAttributes<SVGSVGElement>>; color: string; bg: string; }'.
client/src/pages/dashboard/integrations.tsx(1084,33): error TS2339: Property 'badge' does not exist on type '{ do: string; id: string; name: string; description: string; icon: ForwardRefExoticComponent<Omit<LucideProps, "ref"> & RefAttributes<SVGSVGElement>>; color: string; bg: string; }'.
